============================= test session starts =============================
platform win32 -- Python 3.13.7, pytest-9.0.2, pluggy-1.6.0 -- C:\Users\user\AppData\Local\Programs\Python\Python313\python.exe
cachedir: .pytest_cache
rootdir: C:\Models\GWAM
plugins: anyio-3.7.1, asyncio-1.3.0, cov-4.1.0, respx-0.22.0
asyncio: mode=Mode.STRICT, debug=False, asyncio_default_fixture_loop_scope=None, asyncio_default_test_loop_scope=function
collecting ... collected 91 items

tests/test_bayesian_gwam.py::TestBayesianGWAMPosterior::test_converges_to_deterministic_when_priors_vanish PASSED [  1%]
tests/test_bayesian_gwam.py::TestBayesianGWAMPosterior::test_cri_width_sensitivity_to_prior PASSED [  2%]
tests/test_bayesian_gwam.py::TestBayesianGWAMPosterior::test_no_ghost_studies PASSED [  3%]
tests/test_bayesian_gwam.py::TestBayesianGWAMPosterior::test_observed_length_mismatch_raises PASSED [  4%]
tests/test_bayesian_gwam.py::TestBayesianGWAMPosterior::test_observed_results_reduce_uncertainty PASSED [  5%]
tests/test_bayesian_gwam.py::TestBayesianGWAMPosterior::test_posterior_mean_is_zero_when_all_zero PASSED [  6%]
tests/test_bayesian_gwam.py::TestBayesianGWAMPosterior::test_posterior_sd_increases_with_ghost_sigma PASSED [  7%]
tests/test_bayesian_gwam.py::TestBayesianGWAMPosterior::test_posterior_sd_increases_with_hyperprior_uncertainty PASSED [  8%]
tests/test_bayesian_gwam.py::TestBayesianGWAMPosterior::test_pr_positive_correct PASSED [  9%]
tests/test_bayesian_gwam.py::TestBayesianGWAMScript::test_lambda_matches_model_gwam PASSED [ 10%]
tests/test_bayesian_gwam.py::TestBayesianGWAMScript::test_script_produces_valid_json PASSED [ 12%]
tests/test_ctgov_linkage_builder.py::TestCTGovLinkageBuilder::test_extract_nct_ids_from_text PASSED [ 13%]
tests/test_ctgov_linkage_builder.py::TestCTGovLinkageBuilder::test_normalize_studies_shape_columnar PASSED [ 14%]
tests/test_ctgov_linkage_builder.py::TestCTGovLinkageBuilder::test_normalize_studies_shape_list PASSED [ 15%]
tests/test_ctgov_linkage_builder.py::TestCTGovLinkageBuilder::test_parse_review_id_from_filename PASSED [ 16%]
tests/test_ctgov_linkage_builder.py::TestCTGovLinkageBuilder::test_summarize_payload_basic PASSED [ 17%]
tests/test_ctgov_results_extraction.py::TestSafeFloat::test_inf_returns_nan PASSED [ 18%]
tests/test_ctgov_results_extraction.py::TestSafeFloat::test_invalid_string_returns_nan PASSED [ 19%]
tests/test_ctgov_results_extraction.py::TestSafeFloat::test_none_returns_nan PASSED [ 20%]
tests/test_ctgov_results_extraction.py::TestSafeFloat::test_valid_float PASSED [ 21%]
tests/test_ctgov_results_extraction.py::TestMatchOutcome::test_empty_keywords_matches_all PASSED [ 23%]
tests/test_ctgov_results_extraction.py::TestMatchOutcome::test_keyword_match_case_insensitive PASSED [ 24%]
tests/test_ctgov_results_extraction.py::TestMatchOutcome::test_keyword_no_match PASSED [ 25%]
tests/test_ctgov_results_extraction.py::TestExtractBinaryFromMeasurements::test_basic_binary_extraction PASSED [ 26%]
tests/test_ctgov_results_extraction.py::TestExtractBinaryFromMeasurements::test_double_all_events_returns_none PASSED [ 27%]
tests/test_ctgov_results_extraction.py::TestExtractBinaryFromMeasurements::test_events_exceeding_denom_returns_none PASSED [ 28%]
tests/test_ctgov_results_extraction.py::TestExtractBinaryFromMeasurements::test_no_classes_returns_none PASSED [ 29%]
tests/test_ctgov_results_extraction.py::TestExtractBinaryFromMeasurements::test_too_few_groups_returns_none PASSED [ 30%]
tests/test_ctgov_results_extraction.py::TestExtractBinaryFromMeasurements::test_zero_cell_correction PASSED [ 31%]
tests/test_ctgov_results_extraction.py::TestExtractContinuousFromMeasurements::test_basic_continuous_extraction PASSED [ 32%]
tests/test_ctgov_results_extraction.py::TestExtractContinuousFromMeasurements::test_equal_means_gives_zero_smd PASSED [ 34%]
tests/test_ctgov_results_extraction.py::TestExtractContinuousFromMeasurements::test_missing_dispersion_type_returns_none PASSED [ 35%]
tests/test_ctgov_results_extraction.py::TestExtractContinuousFromMeasurements::test_small_n_returns_none PASSED [ 36%]
tests/test_ctgov_results_extraction.py::TestExtractContinuousFromMeasurements::test_standard_error_dispersion_converts_to_sd PASSED [ 37%]
tests/test_ctgov_results_extraction.py::TestExtractContinuousFromMeasurements::test_zero_sd_returns_none PASSED [ 38%]
tests/test_ctgov_results_extraction.py::TestExtractFromAnalyses::test_90_percent_ci_uses_correct_z PASSED [ 39%]
tests/test_ctgov_results_extraction.py::TestExtractFromAnalyses::test_ci_bracket_violation_skipped PASSED [ 40%]
tests/test_ctgov_results_extraction.py::TestExtractFromAnalyses::test_empty_analyses_returns_none PASSED [ 41%]
tests/test_ctgov_results_extraction.py::TestExtractFromAnalyses::test_hazard_ratio_extraction PASSED [ 42%]
tests/test_ctgov_results_extraction.py::TestExtractFromAnalyses::test_mean_difference_extraction PASSED [ 43%]
tests/test_ctgov_results_extraction.py::TestExtractFromAnalyses::test_missing_ci_returns_none PASSED [ 45%]
tests/test_ctgov_results_extraction.py::TestExtractFromAnalyses::test_odds_ratio_extraction PASSED [ 46%]
tests/test_ctgov_results_extraction.py::TestExtractFromAnalyses::test_risk_ratio_extraction PASSED [ 47%]
tests/test_ctgov_results_extraction.py::TestExtractFromAnalyses::test_zero_or_negative_ratio_returns_none PASSED [ 48%]
tests/test_ctgov_results_extraction.py::TestExtractOutcomeEffect::test_analyses_preferred_over_measurements PASSED [ 49%]
tests/test_ctgov_results_extraction.py::TestExtractOutcomeEffect::test_binary_fallback_when_no_analyses PASSED [ 50%]
tests/test_ctgov_results_extraction.py::TestExtractOutcomeEffect::test_continuous_fallback PASSED [ 51%]
tests/test_ctgov_results_extraction.py::TestExtractOutcomeEffect::test_keyword_filtering PASSED [ 52%]
tests/test_ctgov_results_extraction.py::TestExtractOutcomeEffect::test_no_outcomes_returns_none PASSED [ 53%]
tests/test_ctgov_results_extraction.py::TestExtractOutcomeEffect::test_no_results_section_returns_none PASSED [ 54%]
tests/test_estimators.py::TestRandomEffectsDL::test_homogeneous_studies PASSED [ 56%]
tests/test_estimators.py::TestRandomEffectsDL::test_known_heterogeneous PASSED [ 57%]
tests/test_estimators.py::TestRandomEffectsDL::test_single_study_returns_none PASSED [ 58%]
tests/test_estimators.py::TestRandomEffectsDL::test_two_studies PASSED   [ 59%]
tests/test_estimators.py::TestRandomEffectsDL::test_weight_multiplier PASSED [ 60%]
tests/test_estimators.py::TestRandomEffectsDL::test_zero_variance_returns_none PASSED [ 61%]
tests/test_estimators.py::TestPetPeeseEstimate::test_fewer_than_three_returns_none PASSED [ 62%]
tests/test_estimators.py::TestPetPeeseEstimate::test_no_bias_returns_near_true PASSED [ 63%]
tests/test_estimators.py::TestPetPeeseEstimate::test_returns_mu_and_se PASSED [ 64%]
tests/test_estimators.py::TestPetPeeseEstimate::test_zero_variance_returns_none PASSED [ 65%]
tests/test_gwam_logic.py::TestGWAMUtils::test_design_filters_active PASSED [ 67%]
tests/test_gwam_logic.py::TestGWAMUtils::test_design_filters_estimand_keyword_and_timeframe PASSED [ 68%]
tests/test_gwam_logic.py::TestGWAMUtils::test_extract_pmids_respects_linkage_rule PASSED [ 69%]
tests/test_gwam_logic.py::TestGWAMUtils::test_intervention_matches_alias PASSED [ 70%]
tests/test_gwam_logic.py::TestGWAMUtils::test_missing_outcome_policy_behavior PASSED [ 71%]
tests/test_gwam_logic.py::TestGWAMUtils::test_publication_classification PASSED [ 72%]
tests/test_gwam_logic.py::TestGWAMUtils::test_publication_classification_any_pmid_guard PASSED [ 73%]
tests/test_gwam_logic.py::TestModelGWAMScript::test_model_and_sim_lambda_consistent_no_pmid PASSED [ 74%]
tests/test_gwam_logic.py::TestModelGWAMScript::test_model_gwam_all_ghosts_lambda_zero PASSED [ 75%]
tests/test_gwam_logic.py::TestModelGWAMScript::test_model_respects_ghost_flag_for_no_pmid PASSED [ 76%]
tests/test_gwam_logic.py::TestModelGWAMScript::test_results_only_not_forced_as_observed PASSED [ 78%]
tests/test_gwam_logic.py::TestModelGWAMScript::test_sim_calibration_reports_diagnostics PASSED [ 79%]
tests/test_gwam_logic.py::TestModelGWAMScript::test_sim_treats_non_ghost_no_pmid_as_results_only_pool PASSED [ 80%]
tests/test_gwam_logic.py::TestRunWorkflowGuards::test_published_mu_scope_mismatch_fails_fast PASSED [ 81%]
tests/test_pairwise70_benchmark.py::TestPairwise70BenchmarkHelpers::test_apply_lambda_bounds PASSED [ 82%]
tests/test_pairwise70_benchmark.py::TestPairwise70BenchmarkHelpers::test_build_lambda_posterior_params_count_beta PASSED [ 83%]
tests/test_pairwise70_benchmark.py::TestPairwise70BenchmarkHelpers::test_build_review_cluster_summary PASSED [ 84%]
tests/test_pairwise70_benchmark.py::TestPairwise70BenchmarkHelpers::test_calibrate_p_nonsig_from_lambda PASSED [ 85%]
tests/test_pairwise70_benchmark.py::TestPairwise70BenchmarkHelpers::test_extract_review_id PASSED [ 86%]
tests/test_pairwise70_benchmark.py::TestPairwise70BenchmarkHelpers::test_make_analysis_key PASSED [ 87%]
tests/test_pairwise70_benchmark.py::TestPairwise70BenchmarkHelpers::test_parse_lambda_grid PASSED [ 89%]
tests/test_pubmed_bridge.py::TestPubmedToNct::test_api_failure_returns_empty PASSED [ 90%]
tests/test_pubmed_bridge.py::TestPubmedToNct::test_empty_pmid_list PASSED [ 91%]
tests/test_pubmed_bridge.py::TestPubmedToNct::test_extracts_nct_from_databank_and_abstract PASSED [ 92%]
tests/test_pubmed_bridge.py::TestPubmedToNct::test_no_nct_found_returns_empty PASSED [ 93%]
tests/test_pubmed_bridge.py::TestFuzzyMatchCtgov::test_api_failure_returns_none PASSED [ 94%]
tests/test_pubmed_bridge.py::TestFuzzyMatchCtgov::test_completion_year_filter PASSED [ 95%]
tests/test_pubmed_bridge.py::TestFuzzyMatchCtgov::test_enrollment_outside_tolerance_returns_none PASSED [ 96%]
tests/test_pubmed_bridge.py::TestFuzzyMatchCtgov::test_missing_inputs_returns_none PASSED [ 97%]
tests/test_pubmed_bridge.py::TestFuzzyMatchCtgov::test_multiple_matches_returns_none PASSED [ 98%]
tests/test_pubmed_bridge.py::TestFuzzyMatchCtgov::test_unique_match_returns_nct_id PASSED [100%]

======================= 91 passed in 202.79s (0:03:22) ========================
